Archive member included to satisfy reference by file (symbol)

c:/program files (x86)/atmel/studio/7.0/toolchain/avr8/avr8-gnu-toolchain/bin/../lib/gcc/avr/5.4.0/avr5\libgcc.a(_exit.o)
                              C:/Program Files (x86)/Atmel/Studio/7.0/Packs/atmel/ATmega_DFP/1.3.300/gcc/dev/atmega16/avr5/crtatmega16.o (exit)
c:/program files (x86)/atmel/studio/7.0/toolchain/avr8/avr8-gnu-toolchain/bin/../lib/gcc/avr/5.4.0/avr5\libgcc.a(_copy_data.o)
                              espHandler.o (__do_copy_data)
c:/program files (x86)/atmel/studio/7.0/toolchain/avr8/avr8-gnu-toolchain/bin/../lib/gcc/avr/5.4.0/avr5\libgcc.a(_clear_bss.o)
                              main.o (__do_clear_bss)

Allocating common symbols
Common symbol       size              file

parking0            0x1               main.o
ticket1             0x1               main.o
parking3            0x1               main.o
refreshLCD          0x2               main.o
changedBleacher     0x2               main.o
ticket3             0x1               main.o
parking1            0x1               main.o
ticket2             0x1               main.o
ticket0             0x1               main.o
nodeIndex           0x2               main.o
parking2            0x1               main.o
clientTransmitted   0x2               main.o

Discarded input sections

 .data          0x00000000        0x0 C:/Program Files (x86)/Atmel/Studio/7.0/Packs/atmel/ATmega_DFP/1.3.300/gcc/dev/atmega16/avr5/crtatmega16.o
 .bss           0x00000000        0x0 C:/Program Files (x86)/Atmel/Studio/7.0/Packs/atmel/ATmega_DFP/1.3.300/gcc/dev/atmega16/avr5/crtatmega16.o
 .text          0x00000000        0x0 espHandler.o
 .data          0x00000000        0x0 espHandler.o
 .bss           0x00000000        0x0 espHandler.o
 .text.baudRateESP
                0x00000000       0x22 espHandler.o
 .text.clientTransmitESP
                0x00000000        0xa espHandler.o
 .text.connectESP
                0x00000000        0xa espHandler.o
 .text.debugESP
                0x00000000       0x22 espHandler.o
 .text.helpESP  0x00000000        0xa espHandler.o
 .text.getAllValuesESP
                0x00000000        0xa espHandler.o
 .text.sensorValueESP
                0x00000000       0x3a espHandler.o
 .text          0x00000000        0x0 helper.o
 .data          0x00000000        0x0 helper.o
 .bss           0x00000000        0x0 helper.o
 .text          0x00000000        0x0 keypadHandler.o
 .data          0x00000000        0x0 keypadHandler.o
 .bss           0x00000000        0x0 keypadHandler.o
 .text.scan_row_sim
                0x00000000       0x14 keypadHandler.o
 .text.scan_keypad_sim
                0x00000000       0x3e keypadHandler.o
 .text.scan_keypad_rising_edge_sim
                0x00000000       0x36 keypadHandler.o
 .text.keypad_to_ascii_sim
                0x00000000       0xc2 keypadHandler.o
 .debug_info    0x00000000      0x29f keypadHandler.o
 .debug_abbrev  0x00000000      0x187 keypadHandler.o
 .debug_loc     0x00000000      0x436 keypadHandler.o
 .debug_aranges
                0x00000000       0x38 keypadHandler.o
 .debug_ranges  0x00000000       0x28 keypadHandler.o
 .debug_line    0x00000000      0x21f keypadHandler.o
 .debug_str     0x00000000      0x24f keypadHandler.o
 .comment       0x00000000       0x31 keypadHandler.o
 .debug_frame   0x00000000       0x74 keypadHandler.o
 .text          0x00000000        0x0 lcdHandler.o
 .data          0x00000000        0x0 lcdHandler.o
 .bss           0x00000000        0x0 lcdHandler.o
 .text          0x00000000        0x0 main.o
 .data          0x00000000        0x0 main.o
 .bss           0x00000000        0x0 main.o
 .text          0x00000000        0x0 usartHandler.o
 .data          0x00000000        0x0 usartHandler.o
 .bss           0x00000000        0x0 usartHandler.o
 .text          0x00000000        0x0 c:/program files (x86)/atmel/studio/7.0/toolchain/avr8/avr8-gnu-toolchain/bin/../lib/gcc/avr/5.4.0/avr5\libgcc.a(_exit.o)
 .data          0x00000000        0x0 c:/program files (x86)/atmel/studio/7.0/toolchain/avr8/avr8-gnu-toolchain/bin/../lib/gcc/avr/5.4.0/avr5\libgcc.a(_exit.o)
 .bss           0x00000000        0x0 c:/program files (x86)/atmel/studio/7.0/toolchain/avr8/avr8-gnu-toolchain/bin/../lib/gcc/avr/5.4.0/avr5\libgcc.a(_exit.o)
 .text.libgcc.mul
                0x00000000        0x0 c:/program files (x86)/atmel/studio/7.0/toolchain/avr8/avr8-gnu-toolchain/bin/../lib/gcc/avr/5.4.0/avr5\libgcc.a(_exit.o)
 .text.libgcc.div
                0x00000000        0x0 c:/program files (x86)/atmel/studio/7.0/toolchain/avr8/avr8-gnu-toolchain/bin/../lib/gcc/avr/5.4.0/avr5\libgcc.a(_exit.o)
 .text.libgcc   0x00000000        0x0 c:/program files (x86)/atmel/studio/7.0/toolchain/avr8/avr8-gnu-toolchain/bin/../lib/gcc/avr/5.4.0/avr5\libgcc.a(_exit.o)
 .text.libgcc.prologue
                0x00000000        0x0 c:/program files (x86)/atmel/studio/7.0/toolchain/avr8/avr8-gnu-toolchain/bin/../lib/gcc/avr/5.4.0/avr5\libgcc.a(_exit.o)
 .text.libgcc.builtins
                0x00000000        0x0 c:/program files (x86)/atmel/studio/7.0/toolchain/avr8/avr8-gnu-toolchain/bin/../lib/gcc/avr/5.4.0/avr5\libgcc.a(_exit.o)
 .text.libgcc.fmul
                0x00000000        0x0 c:/program files (x86)/atmel/studio/7.0/toolchain/avr8/avr8-gnu-toolchain/bin/../lib/gcc/avr/5.4.0/avr5\libgcc.a(_exit.o)
 .text.libgcc.fixed
                0x00000000        0x0 c:/program files (x86)/atmel/studio/7.0/toolchain/avr8/avr8-gnu-toolchain/bin/../lib/gcc/avr/5.4.0/avr5\libgcc.a(_exit.o)
 .text          0x00000000        0x0 c:/program files (x86)/atmel/studio/7.0/toolchain/avr8/avr8-gnu-toolchain/bin/../lib/gcc/avr/5.4.0/avr5\libgcc.a(_copy_data.o)
 .data          0x00000000        0x0 c:/program files (x86)/atmel/studio/7.0/toolchain/avr8/avr8-gnu-toolchain/bin/../lib/gcc/avr/5.4.0/avr5\libgcc.a(_copy_data.o)
 .bss           0x00000000        0x0 c:/program files (x86)/atmel/studio/7.0/toolchain/avr8/avr8-gnu-toolchain/bin/../lib/gcc/avr/5.4.0/avr5\libgcc.a(_copy_data.o)
 .text.libgcc.mul
                0x00000000        0x0 c:/program files (x86)/atmel/studio/7.0/toolchain/avr8/avr8-gnu-toolchain/bin/../lib/gcc/avr/5.4.0/avr5\libgcc.a(_copy_data.o)
 .text.libgcc.div
                0x00000000        0x0 c:/program files (x86)/atmel/studio/7.0/toolchain/avr8/avr8-gnu-toolchain/bin/../lib/gcc/avr/5.4.0/avr5\libgcc.a(_copy_data.o)
 .text.libgcc   0x00000000        0x0 c:/program files (x86)/atmel/studio/7.0/toolchain/avr8/avr8-gnu-toolchain/bin/../lib/gcc/avr/5.4.0/avr5\libgcc.a(_copy_data.o)
 .text.libgcc.prologue
                0x00000000        0x0 c:/program files (x86)/atmel/studio/7.0/toolchain/avr8/avr8-gnu-toolchain/bin/../lib/gcc/avr/5.4.0/avr5\libgcc.a(_copy_data.o)
 .text.libgcc.builtins
                0x00000000        0x0 c:/program files (x86)/atmel/studio/7.0/toolchain/avr8/avr8-gnu-toolchain/bin/../lib/gcc/avr/5.4.0/avr5\libgcc.a(_copy_data.o)
 .text.libgcc.fmul
                0x00000000        0x0 c:/program files (x86)/atmel/studio/7.0/toolchain/avr8/avr8-gnu-toolchain/bin/../lib/gcc/avr/5.4.0/avr5\libgcc.a(_copy_data.o)
 .text.libgcc.fixed
                0x00000000        0x0 c:/program files (x86)/atmel/studio/7.0/toolchain/avr8/avr8-gnu-toolchain/bin/../lib/gcc/avr/5.4.0/avr5\libgcc.a(_copy_data.o)
 .text          0x00000000        0x0 c:/program files (x86)/atmel/studio/7.0/toolchain/avr8/avr8-gnu-toolchain/bin/../lib/gcc/avr/5.4.0/avr5\libgcc.a(_clear_bss.o)
 .data          0x00000000        0x0 c:/program files (x86)/atmel/studio/7.0/toolchain/avr8/avr8-gnu-toolchain/bin/../lib/gcc/avr/5.4.0/avr5\libgcc.a(_clear_bss.o)
 .bss           0x00000000        0x0 c:/program files (x86)/atmel/studio/7.0/toolchain/avr8/avr8-gnu-toolchain/bin/../lib/gcc/avr/5.4.0/avr5\libgcc.a(_clear_bss.o)
 .text.libgcc.mul
                0x00000000        0x0 c:/program files (x86)/atmel/studio/7.0/toolchain/avr8/avr8-gnu-toolchain/bin/../lib/gcc/avr/5.4.0/avr5\libgcc.a(_clear_bss.o)
 .text.libgcc.div
                0x00000000        0x0 c:/program files (x86)/atmel/studio/7.0/toolchain/avr8/avr8-gnu-toolchain/bin/../lib/gcc/avr/5.4.0/avr5\libgcc.a(_clear_bss.o)
 .text.libgcc   0x00000000        0x0 c:/program files (x86)/atmel/studio/7.0/toolchain/avr8/avr8-gnu-toolchain/bin/../lib/gcc/avr/5.4.0/avr5\libgcc.a(_clear_bss.o)
 .text.libgcc.prologue
                0x00000000        0x0 c:/program files (x86)/atmel/studio/7.0/toolchain/avr8/avr8-gnu-toolchain/bin/../lib/gcc/avr/5.4.0/avr5\libgcc.a(_clear_bss.o)
 .text.libgcc.builtins
                0x00000000        0x0 c:/program files (x86)/atmel/studio/7.0/toolchain/avr8/avr8-gnu-toolchain/bin/../lib/gcc/avr/5.4.0/avr5\libgcc.a(_clear_bss.o)
 .text.libgcc.fmul
                0x00000000        0x0 c:/program files (x86)/atmel/studio/7.0/toolchain/avr8/avr8-gnu-toolchain/bin/../lib/gcc/avr/5.4.0/avr5\libgcc.a(_clear_bss.o)
 .text.libgcc.fixed
                0x00000000        0x0 c:/program files (x86)/atmel/studio/7.0/toolchain/avr8/avr8-gnu-toolchain/bin/../lib/gcc/avr/5.4.0/avr5\libgcc.a(_clear_bss.o)

Memory Configuration

Name             Origin             Length             Attributes
text             0x00000000         0x00020000         xr
data             0x00800060         0x0000ffa0         rw !x
eeprom           0x00810000         0x00010000         rw !x
fuse             0x00820000         0x00000002         rw !x
lock             0x00830000         0x00000400         rw !x
signature        0x00840000         0x00000400         rw !x
user_signatures  0x00850000         0x00000400         rw !x
*default*        0x00000000         0xffffffff

Linker script and memory map

LOAD C:/Program Files (x86)/Atmel/Studio/7.0/Packs/atmel/ATmega_DFP/1.3.300/gcc/dev/atmega16/avr5/crtatmega16.o
LOAD espHandler.o
LOAD helper.o
LOAD keypadHandler.o
LOAD lcdHandler.o
LOAD main.o
LOAD usartHandler.o
START GROUP
END GROUP
START GROUP
LOAD c:/program files (x86)/atmel/studio/7.0/toolchain/avr8/avr8-gnu-toolchain/bin/../lib/gcc/avr/5.4.0/avr5\libgcc.a
LOAD c:/program files (x86)/atmel/studio/7.0/toolchain/avr8/avr8-gnu-toolchain/bin/../lib/gcc/avr/5.4.0/../../../../avr/lib/avr5\libm.a
LOAD c:/program files (x86)/atmel/studio/7.0/toolchain/avr8/avr8-gnu-toolchain/bin/../lib/gcc/avr/5.4.0/../../../../avr/lib/avr5\libc.a
LOAD C:/Program Files (x86)/Atmel/Studio/7.0/Packs/atmel/ATmega_DFP/1.3.300/gcc/dev/atmega16/avr5\libatmega16.a
END GROUP
                0x00000000                __TEXT_REGION_ORIGIN__ = DEFINED (__TEXT_REGION_ORIGIN__)?__TEXT_REGION_ORIGIN__:0x0
                0x00800060                __DATA_REGION_ORIGIN__ = DEFINED (__DATA_REGION_ORIGIN__)?__DATA_REGION_ORIGIN__:0x800060
                0x00020000                __TEXT_REGION_LENGTH__ = DEFINED (__TEXT_REGION_LENGTH__)?__TEXT_REGION_LENGTH__:0x20000
                0x0000ffa0                __DATA_REGION_LENGTH__ = DEFINED (__DATA_REGION_LENGTH__)?__DATA_REGION_LENGTH__:0xffa0
                0x00010000                __EEPROM_REGION_LENGTH__ = DEFINED (__EEPROM_REGION_LENGTH__)?__EEPROM_REGION_LENGTH__:0x10000
                [0x00000002]                __FUSE_REGION_LENGTH__ = DEFINED (__FUSE_REGION_LENGTH__)?__FUSE_REGION_LENGTH__:0x400
                0x00000400                __LOCK_REGION_LENGTH__ = DEFINED (__LOCK_REGION_LENGTH__)?__LOCK_REGION_LENGTH__:0x400
                0x00000400                __SIGNATURE_REGION_LENGTH__ = DEFINED (__SIGNATURE_REGION_LENGTH__)?__SIGNATURE_REGION_LENGTH__:0x400
                0x00000400                __USER_SIGNATURE_REGION_LENGTH__ = DEFINED (__USER_SIGNATURE_REGION_LENGTH__)?__USER_SIGNATURE_REGION_LENGTH__:0x400

.hash
 *(.hash)

.dynsym
 *(.dynsym)

.dynstr
 *(.dynstr)

.gnu.version
 *(.gnu.version)

.gnu.version_d
 *(.gnu.version_d)

.gnu.version_r
 *(.gnu.version_r)

.rel.init
 *(.rel.init)

.rela.init
 *(.rela.init)

.rel.text
 *(.rel.text)
 *(.rel.text.*)
 *(.rel.gnu.linkonce.t*)

.rela.text
 *(.rela.text)
 *(.rela.text.*)
 *(.rela.gnu.linkonce.t*)

.rel.fini
 *(.rel.fini)

.rela.fini
 *(.rela.fini)

.rel.rodata
 *(.rel.rodata)
 *(.rel.rodata.*)
 *(.rel.gnu.linkonce.r*)

.rela.rodata
 *(.rela.rodata)
 *(.rela.rodata.*)
 *(.rela.gnu.linkonce.r*)

.rel.data
 *(.rel.data)
 *(.rel.data.*)
 *(.rel.gnu.linkonce.d*)

.rela.data
 *(.rela.data)
 *(.rela.data.*)
 *(.rela.gnu.linkonce.d*)

.rel.ctors
 *(.rel.ctors)

.rela.ctors
 *(.rela.ctors)

.rel.dtors
 *(.rel.dtors)

.rela.dtors
 *(.rela.dtors)

.rel.got
 *(.rel.got)

.rela.got
 *(.rela.got)

.rel.bss
 *(.rel.bss)

.rela.bss
 *(.rela.bss)

.rel.plt
 *(.rel.plt)

.rela.plt
 *(.rela.plt)

.text           0x00000000      0x8ae
 *(.vectors)
 .vectors       0x00000000       0x54 C:/Program Files (x86)/Atmel/Studio/7.0/Packs/atmel/ATmega_DFP/1.3.300/gcc/dev/atmega16/avr5/crtatmega16.o
                0x00000000                __vector_default
                0x00000000                __vectors
 *(.vectors)
 *(.progmem.gcc*)
                0x00000054                . = ALIGN (0x2)
                0x00000054                __trampolines_start = .
 *(.trampolines)
 .trampolines   0x00000054        0x0 linker stubs
 *(.trampolines*)
                0x00000054                __trampolines_end = .
 *libprintf_flt.a:*(.progmem.data)
 *libc.a:*(.progmem.data)
 *(.progmem*)
                0x00000054                . = ALIGN (0x2)
 *(.jumptables)
 *(.jumptables*)
 *(.lowtext)
 *(.lowtext*)
                0x00000054                __ctors_start = .
 *(.ctors)
                0x00000054                __ctors_end = .
                0x00000054                __dtors_start = .
 *(.dtors)
                0x00000054                __dtors_end = .
 SORT(*)(.ctors)
 SORT(*)(.dtors)
 *(.init0)
 .init0         0x00000054        0x0 C:/Program Files (x86)/Atmel/Studio/7.0/Packs/atmel/ATmega_DFP/1.3.300/gcc/dev/atmega16/avr5/crtatmega16.o
                0x00000054                __init
 *(.init0)
 *(.init1)
 *(.init1)
 *(.init2)
 .init2         0x00000054        0xc C:/Program Files (x86)/Atmel/Studio/7.0/Packs/atmel/ATmega_DFP/1.3.300/gcc/dev/atmega16/avr5/crtatmega16.o
 *(.init2)
 *(.init3)
 *(.init3)
 *(.init4)
 .init4         0x00000060       0x16 c:/program files (x86)/atmel/studio/7.0/toolchain/avr8/avr8-gnu-toolchain/bin/../lib/gcc/avr/5.4.0/avr5\libgcc.a(_copy_data.o)
                0x00000060                __do_copy_data
 .init4         0x00000076       0x10 c:/program files (x86)/atmel/studio/7.0/toolchain/avr8/avr8-gnu-toolchain/bin/../lib/gcc/avr/5.4.0/avr5\libgcc.a(_clear_bss.o)
                0x00000076                __do_clear_bss
 *(.init4)
 *(.init5)
 *(.init5)
 *(.init6)
 *(.init6)
 *(.init7)
 *(.init7)
 *(.init8)
 *(.init8)
 *(.init9)
 .init9         0x00000086        0x8 C:/Program Files (x86)/Atmel/Studio/7.0/Packs/atmel/ATmega_DFP/1.3.300/gcc/dev/atmega16/avr5/crtatmega16.o
 *(.init9)
 *(.text)
 .text          0x0000008e        0x4 C:/Program Files (x86)/Atmel/Studio/7.0/Packs/atmel/ATmega_DFP/1.3.300/gcc/dev/atmega16/avr5/crtatmega16.o
                0x0000008e                __vector_1
                0x0000008e                __vector_12
                0x0000008e                __bad_interrupt
                0x0000008e                __vector_6
                0x0000008e                __vector_3
                0x0000008e                __vector_13
                0x0000008e                __vector_17
                0x0000008e                __vector_19
                0x0000008e                __vector_7
                0x0000008e                __vector_5
                0x0000008e                __vector_4
                0x0000008e                __vector_9
                0x0000008e                __vector_2
                0x0000008e                __vector_15
                0x0000008e                __vector_8
                0x0000008e                __vector_14
                0x0000008e                __vector_10
                0x0000008e                __vector_16
                0x0000008e                __vector_18
                0x0000008e                __vector_20
                0x00000092                . = ALIGN (0x2)
 *(.text.*)
 .text.addSensorESP
                0x00000092       0x22 espHandler.o
                0x00000092                addSensorESP
 .text.apStartESP
                0x000000b4        0xa espHandler.o
                0x000000b4                apStartESP
 .text.getValueESP
                0x000000be       0x22 espHandler.o
                0x000000be                getValueESP
 .text.hostESP  0x000000e0       0x22 espHandler.o
                0x000000e0                hostESP
 .text.passwESP
                0x00000102       0x22 espHandler.o
                0x00000102                passwESP
 .text.restartESP
                0x00000124        0xa espHandler.o
                0x00000124                restartESP
 .text.ssidESP  0x0000012e       0x22 espHandler.o
                0x0000012e                ssidESP
 .text.sensorValueESPByte
                0x00000150       0x36 espHandler.o
                0x00000150                sensorValueESPByte
 .text.parsedValue
                0x00000186       0x2c helper.o
                0x00000186                parsedValue
 .text.consume_response
                0x000001b2       0x64 helper.o
                0x000001b2                consume_response
 .text.consume_response_no_print
                0x00000216        0xa helper.o
                0x00000216                consume_response_no_print
 .text.addSensor
                0x00000220       0x24 helper.o
                0x00000220                addSensor
 .text.sensorAddValue
                0x00000244       0x22 helper.o
                0x00000244                sensorAddValue
 .text.readSensor
                0x00000266       0x56 helper.o
                0x00000266                readSensor
 .text.write_2_nibbles_sim
                0x000002bc       0x36 lcdHandler.o
                0x000002bc                write_2_nibbles_sim
 .text.lcd_data_sim
                0x000002f2       0x10 lcdHandler.o
                0x000002f2                lcd_data_sim
 .text.lcd_command_sim
                0x00000302        0xe lcdHandler.o
                0x00000302                lcd_command_sim
 .text.lcd_init
                0x00000310       0x84 lcdHandler.o
                0x00000310                lcd_init
 .text.lcd_string_print
                0x00000394       0x26 lcdHandler.o
                0x00000394                lcd_string_print
 .text.__vector_11
                0x000003ba       0x2e main.o
                0x000003ba                __vector_11
 .text.gateway_init
                0x000003e8       0x80 main.o
                0x000003e8                gateway_init
 .text.checkButtons
                0x00000468       0xba main.o
                0x00000468                checkButtons
 .text.updateParking
                0x00000522       0x90 main.o
                0x00000522                updateParking
 .text.printParkingStatus
                0x000005b2       0x5e main.o
                0x000005b2                printParkingStatus
 .text.updateParkingLCD
                0x00000610       0x4c main.o
                0x00000610                updateParkingLCD
 .text.main     0x0000065c      0x1ec main.o
                0x0000065c                main
 .text.usart_init
                0x00000848       0x26 usartHandler.o
                0x00000848                usart_init
 .text.usart_transmit
                0x0000086e        0x8 usartHandler.o
                0x0000086e                usart_transmit
 .text.usart_receive
                0x00000876        0x8 usartHandler.o
                0x00000876                usart_receive
 .text.usart_transmit_string
                0x0000087e       0x1e usartHandler.o
                0x0000087e                usart_transmit_string
 .text.usart_clear_buffer
                0x0000089c        0xe usartHandler.o
                0x0000089c                usart_clear_buffer
                0x000008aa                . = ALIGN (0x2)
 *(.fini9)
 .fini9         0x000008aa        0x0 c:/program files (x86)/atmel/studio/7.0/toolchain/avr8/avr8-gnu-toolchain/bin/../lib/gcc/avr/5.4.0/avr5\libgcc.a(_exit.o)
                0x000008aa                _exit
                0x000008aa                exit
 *(.fini9)
 *(.fini8)
 *(.fini8)
 *(.fini7)
 *(.fini7)
 *(.fini6)
 *(.fini6)
 *(.fini5)
 *(.fini5)
 *(.fini4)
 *(.fini4)
 *(.fini3)
 *(.fini3)
 *(.fini2)
 *(.fini2)
 *(.fini1)
 *(.fini1)
 *(.fini0)
 .fini0         0x000008aa        0x4 c:/program files (x86)/atmel/studio/7.0/toolchain/avr8/avr8-gnu-toolchain/bin/../lib/gcc/avr/5.4.0/avr5\libgcc.a(_exit.o)
 *(.fini0)
                0x000008ae                _etext = .

.data           0x00800060      0x16c load address 0x000008ae
                0x00800060                PROVIDE (__data_start, .)
 *(.data)
 *(.data*)
 *(.gnu.linkonce.d*)
 *(.rodata)
 *(.rodata*)
 .rodata.str1.1
                0x00800060       0xde espHandler.o
 .rodata.str1.1
                0x0080013e       0x8e main.o
                                 0x9d (size before relaxing)
 *(.gnu.linkonce.r*)
                0x008001cc                . = ALIGN (0x2)
                0x008001cc                _edata = .
                0x008001cc                PROVIDE (__data_end, .)

.bss            0x008001cc       0x10
                0x008001cc                PROVIDE (__bss_start, .)
 *(.bss)
 *(.bss*)
 *(COMMON)
 COMMON         0x008001cc       0x10 main.o
                0x008001cc                parking0
                0x008001cd                ticket1
                0x008001ce                parking3
                0x008001cf                refreshLCD
                0x008001d1                changedBleacher
                0x008001d3                ticket3
                0x008001d4                parking1
                0x008001d5                ticket2
                0x008001d6                ticket0
                0x008001d7                nodeIndex
                0x008001d9                parking2
                0x008001da                clientTransmitted
                0x008001dc                PROVIDE (__bss_end, .)
                0x000008ae                __data_load_start = LOADADDR (.data)
                0x00000a1a                __data_load_end = (__data_load_start + SIZEOF (.data))

.noinit         0x008001dc        0x0
                [!provide]                PROVIDE (__noinit_start, .)
 *(.noinit*)
                [!provide]                PROVIDE (__noinit_end, .)
                0x008001dc                _end = .
                [!provide]                PROVIDE (__heap_start, .)

.eeprom         0x00810000        0x0
 *(.eeprom*)
                0x00810000                __eeprom_end = .

.fuse
 *(.fuse)
 *(.lfuse)
 *(.hfuse)
 *(.efuse)

.lock
 *(.lock*)

.signature
 *(.signature*)

.user_signatures
 *(.user_signatures*)

.stab
 *(.stab)

.stabstr
 *(.stabstr)

.stab.excl
 *(.stab.excl)

.stab.exclstr
 *(.stab.exclstr)

.stab.index
 *(.stab.index)

.stab.indexstr
 *(.stab.indexstr)

.comment        0x00000000       0x30
 *(.comment)
 .comment       0x00000000       0x30 espHandler.o
                                 0x31 (size before relaxing)
 .comment       0x00000030       0x31 helper.o
 .comment       0x00000030       0x31 lcdHandler.o
 .comment       0x00000030       0x31 main.o
 .comment       0x00000030       0x31 usartHandler.o

.note.gnu.avr.deviceinfo
                0x00000000       0x3c
 .note.gnu.avr.deviceinfo
                0x00000000       0x3c C:/Program Files (x86)/Atmel/Studio/7.0/Packs/atmel/ATmega_DFP/1.3.300/gcc/dev/atmega16/avr5/crtatmega16.o

.note.gnu.build-id
 *(.note.gnu.build-id)

.debug
 *(.debug)

.line
 *(.line)

.debug_srcinfo
 *(.debug_srcinfo)

.debug_sfnames
 *(.debug_sfnames)

.debug_aranges  0x00000000      0x1a8
 *(.debug_aranges)
 .debug_aranges
                0x00000000       0x90 espHandler.o
 .debug_aranges
                0x00000090       0x48 helper.o
 .debug_aranges
                0x000000d8       0x40 lcdHandler.o
 .debug_aranges
                0x00000118       0x50 main.o
 .debug_aranges
                0x00000168       0x40 usartHandler.o

.debug_pubnames
 *(.debug_pubnames)

.debug_info     0x00000000     0x1f36
 *(.debug_info .gnu.linkonce.wi.*)
 .debug_info    0x00000000      0x52e C:/Program Files (x86)/Atmel/Studio/7.0/Packs/atmel/ATmega_DFP/1.3.300/gcc/dev/atmega16/avr5/crtatmega16.o
 .debug_info    0x0000052e      0x62f espHandler.o
 .debug_info    0x00000b5d      0x3d0 helper.o
 .debug_info    0x00000f2d      0x50a lcdHandler.o
 .debug_info    0x00001437      0x985 main.o
 .debug_info    0x00001dbc      0x17a usartHandler.o

.debug_abbrev   0x00000000      0xb19
 *(.debug_abbrev)
 .debug_abbrev  0x00000000      0x4e7 C:/Program Files (x86)/Atmel/Studio/7.0/Packs/atmel/ATmega_DFP/1.3.300/gcc/dev/atmega16/avr5/crtatmega16.o
 .debug_abbrev  0x000004e7       0xa1 espHandler.o
 .debug_abbrev  0x00000588      0x1b9 helper.o
 .debug_abbrev  0x00000741      0x170 lcdHandler.o
 .debug_abbrev  0x000008b1      0x183 main.o
 .debug_abbrev  0x00000a34       0xe5 usartHandler.o

.debug_line     0x00000000      0xe4b
 *(.debug_line .debug_line.* .debug_line_end)
 .debug_line    0x00000000      0x115 C:/Program Files (x86)/Atmel/Studio/7.0/Packs/atmel/ATmega_DFP/1.3.300/gcc/dev/atmega16/avr5/crtatmega16.o
 .debug_line    0x00000115      0x24e espHandler.o
 .debug_line    0x00000363      0x241 helper.o
 .debug_line    0x000005a4      0x269 lcdHandler.o
 .debug_line    0x0000080d      0x4e0 main.o
 .debug_line    0x00000ced      0x15e usartHandler.o

.debug_frame    0x00000000      0x400
 *(.debug_frame)
 .debug_frame   0x00000000      0x17c espHandler.o
 .debug_frame   0x0000017c       0xc8 helper.o
 .debug_frame   0x00000244       0x70 lcdHandler.o
 .debug_frame   0x000002b4       0xcc main.o
 .debug_frame   0x00000380       0x80 usartHandler.o

.debug_str      0x00000000      0x68b
 *(.debug_str)
 .debug_str     0x00000000      0x1af C:/Program Files (x86)/Atmel/Studio/7.0/Packs/atmel/ATmega_DFP/1.3.300/gcc/dev/atmega16/avr5/crtatmega16.o
 .debug_str     0x000001af      0x1fd espHandler.o
                                0x202 (size before relaxing)
 .debug_str     0x000003ac      0x144 helper.o
                                0x29c (size before relaxing)
 .debug_str     0x000004f0       0x61 lcdHandler.o
                                0x220 (size before relaxing)
 .debug_str     0x00000551      0x10f main.o
                                0x38d (size before relaxing)
 .debug_str     0x00000660       0x2b usartHandler.o
                                0x1d8 (size before relaxing)

.debug_loc      0x00000000      0xffa
 *(.debug_loc)
 .debug_loc     0x00000000      0x416 espHandler.o
 .debug_loc     0x00000416      0x30e helper.o
 .debug_loc     0x00000724      0x4ac lcdHandler.o
 .debug_loc     0x00000bd0      0x313 main.o
 .debug_loc     0x00000ee3      0x117 usartHandler.o

.debug_macinfo
 *(.debug_macinfo)

.debug_weaknames
 *(.debug_weaknames)

.debug_funcnames
 *(.debug_funcnames)

.debug_typenames
 *(.debug_typenames)

.debug_varnames
 *(.debug_varnames)

.debug_pubtypes
 *(.debug_pubtypes)

.debug_ranges   0x00000000      0x158
 *(.debug_ranges)
 .debug_ranges  0x00000000       0x80 espHandler.o
 .debug_ranges  0x00000080       0x38 helper.o
 .debug_ranges  0x000000b8       0x30 lcdHandler.o
 .debug_ranges  0x000000e8       0x40 main.o
 .debug_ranges  0x00000128       0x30 usartHandler.o

.debug_macro
 *(.debug_macro)
OUTPUT(Gateway.elf elf32-avr)
LOAD linker stubs
